1. Erstellen eines Shell-Scriptes zum Starten der Python-Devices

Wir nenen es "device-wrapper.sh".

Funktion:
--------

- exportieren der Shell-Variable "TANGO_HOST"
- testen und ggf. warten auf eine erfolgreiches Ping zum Tangohost
- das PySerialDS-Device starten
- Testen, ob es laeuft und dann
- das Achsen-Device (PhytronMcc2) starten

Ausführbar machen:
$ chmod 777 device-wrapper.sh


2. Den Bootprozess anpassen damit die Devices automatisch starten

- Erstellen einer "systemd"-Datei unter "/etc/systemd/system"

Wir nennen sie "tango_smc100.service" und sie hat diesen Inhalt:

****
[Unit]
Description=starting tango devices
Requires=network-online.target
After=network-online.target

[Service]
Type=forking
GuessMainPID=no
ExecStart=/home/pi/Tango_Devices/SMC100/device_wrapper.sh
WorkingDirectory=/home/pi/Tango_Devices/SMC100
User=pi
Restart=on-abort
StandardOutput=journal
StandardError=journal

[Install]
WantedBy=multi-user.target
****

$ sudo chmod +x  tango_smc100.service

Immer nach dem Aendern eines systemd-Files ausfuehren:
 
$ sudo systemctl daemon-reload 
$ sudo systemctl start tango_smc100.service

Und stoppen:

$ sudo systemctl stop tango_smc100.service

Jetzt bootfest machen:

$ sudo systemctl enable tango_smc100.service
Created symlink /etc/systemd/system/multi-user.target.wants/tango_smc100.service → /etc/systemd/system/tango_smc100.service.



